
> rest-express@1.0.0 build
> vite build && esbuild server/index.ts --platform=node --packages=external --bundle --format=esm --outdir=dist

vite v5.4.19 building for production...
transforming...
Browserslist: browsers data (caniuse-lite) is 12 months old. Please run:
  npx update-browserslist-db@latest
  Why you should do it regularly: https://github.com/browserslist/update-db#readme
✓ 6 modules transformed.
x Build failed in 1.31s
error during build:
[vite:esbuild] Transform failed with 1 error:
/home/runner/workspace/client/src/components/cached-auth-guard.tsx:33:12: ERROR: Expected ";" but found ":"
file: /home/runner/workspace/client/src/components/cached-auth-guard.tsx:33:12

Expected ";" but found ":"
31 |      location,
32 |      isLoading,
33 |      hasError: !!error,
   |              ^
34 |      hasUser: hasValidUser(data),
35 |      userRole: hasValidUser(data) ? data.user.role : undefined,

    at failureErrorWithLog (/home/runner/workspace/node_modules/vite/node_modules/esbuild/lib/main.js:1472:15)
    at /home/runner/workspace/node_modules/vite/node_modules/esbuild/lib/main.js:755:50
    at responseCallbacks.<computed> (/home/runner/workspace/node_modules/vite/node_modules/esbuild/lib/main.js:622:9)
    at handleIncomingPacket (/home/runner/workspace/node_modules/vite/node_modules/esbuild/lib/main.js:677:12)
    at Socket.readFromStdout (/home/runner/workspace/node_modules/vite/node_modules/esbuild/lib/main.js:600:7)
    at Socket.emit (node:events:524:28)
    at addChunk (node:internal/streams/readable:561:12)
    at readableAddChunkPushByteMode (node:internal/streams/readable:512:3)
    at Readable.push (node:internal/streams/readable:392:5)
    at Pipe.onStreamRead (node:internal/stream_base_commons:191:23)
